ARM Linker, 4.1 [Build 561] [Standard]

==============================================================================

Section Cross References

    startup_lpc17xx.o(RESET) refers to startup_lpc17xx.o(STACK) for __initial_sp
    startup_lpc17xx.o(RESET) refers to startup_lpc17xx.o(.text) for Reset_Handler
    startup_lpc17xx.o(RESET) refers to adc_burst_test.o(.text) for EINT3_IRQHandler
    startup_lpc17xx.o(.text) refers to system_lpc17xx.o(.text) for SystemInit
    startup_lpc17xx.o(.text) refers to entry.o(.ARM.Collect$$$$00000000) for __main
    system_lpc17xx.o(.text) refers to system_lpc17xx.o(.data) for SystemCoreClock
    lpc17xx_uart.o(.text) refers to lpc17xx_clkpwr.o(.text) for CLKPWR_GetPCLK
    lpc17xx_uart.o(.text) refers to llshl.o(.text) for __aeabi_llsl
    lpc17xx_uart.o(.text) refers to uldiv.o(.text) for __aeabi_uldivmod
    lpc17xx_uart.o(.text) refers to llushr.o(.text) for __aeabi_llsr
    lpc17xx_uart.o(.text) refers to adc_burst_test.o(.text) for check_failed
    debug_frmwrk.o(.text) refers to lpc17xx_uart.o(.text) for UART_Send
    debug_frmwrk.o(.text) refers to lpc17xx_pinsel.o(.text) for PINSEL_ConfigPin
    debug_frmwrk.o(.text) refers to debug_frmwrk.o(.data) for _db_msg
    lpc17xx_adc.o(.text) refers to adc_burst_test.o(.text) for check_failed
    lpc17xx_adc.o(.text) refers to lpc17xx_clkpwr.o(.text) for CLKPWR_ConfigPPWR
    lpc17xx_clkpwr.o(.text) refers to system_lpc17xx.o(.data) for SystemCoreClock
    adc_burst_test.o(.text) refers to lpc17xx_gpio.o(.text) for GPIO_GetIntStatus
    adc_burst_test.o(.text) refers to lpc17xx_adc.o(.text) for ADC_ChannelCmd
    adc_burst_test.o(.text) refers to debug_frmwrk.o(.text) for debug_frmwrk_init
    adc_burst_test.o(.text) refers to lpc17xx_pinsel.o(.text) for PINSEL_ConfigPin
    adc_burst_test.o(.text) refers to adc_burst_test.o(.data) for toggle
    adc_burst_test.o(.text) refers to debug_frmwrk.o(.data) for _db_msg
    entry.o(.ARM.Collect$$$$00000000) refers (Special) to entry7.o(.ARM.Collect$$$$00000007) for _main_init
    entry.o(.ARM.Collect$$$$00000000) refers (Special) to entry5.o(.ARM.Collect$$$$00000004) for _main_scatterload
    entry.o(.ARM.Collect$$$$00000000) refers (Special) to entry2.o(.ARM.Collect$$$$00000001) for _main_stk
    uldiv.o(.text) refers to llushr.o(.text) for __aeabi_llsr
    uldiv.o(.text) refers to llshl.o(.text) for __aeabi_llsl
    entry2.o(.ARM.Collect$$$$00000001) refers to entry2.o(.ARM.Collect$$$$00002712) for __lit__00000000
    entry2.o(.ARM.Collect$$$$00002712) refers to startup_lpc17xx.o(STACK) for __initial_sp
    entry2.o(__vectab_stack_and_reset_area) refers to startup_lpc17xx.o(STACK) for __initial_sp
    entry2.o(__vectab_stack_and_reset_area) refers to entry.o(.ARM.Collect$$$$00000000) for __main
    entry5.o(.ARM.Collect$$$$00000004) refers to init.o(.text) for __scatterload
    entry7.o(.ARM.Collect$$$$00000007) refers to adc_burst_test.o(.text) for main
    init.o(.text) refers to entry5.o(.ARM.Collect$$$$00000004) for __main_after_scatterload


==============================================================================

Removing Unused input sections from the image.

    Removing startup_lpc17xx.o(HEAP), (0 bytes).
    Removing system_lpc17xx.o(.emb_text), (8 bytes).
    Removing lpc17xx_uart.o(.emb_text), (8 bytes).
    Removing debug_frmwrk.o(.emb_text), (8 bytes).
    Removing lpc17xx_adc.o(.emb_text), (8 bytes).
    Removing lpc17xx_gpio.o(.emb_text), (8 bytes).
    Removing lpc17xx_pinsel.o(.emb_text), (8 bytes).
    Removing lpc17xx_clkpwr.o(.emb_text), (8 bytes).
    Removing adc_burst_test.o(.emb_text), (8 bytes).

9 unused section(s) (total 64 bytes) removed from the image.

==============================================================================

Image Symbol Table

    Local Symbols

    Symbol Name                              Value     Ov Type        Size  Object(Section)

    RESET                                    0x00000000   Section      204  startup_lpc17xx.o(RESET)
    ../../../cmprslib/lz77c.c                0x00000000   Number         0  __dclz77c.o ABSOLUTE
    ../../microlib/division.c                0x00000000   Number         0  uldiv.o ABSOLUTE
    ../../microlib/init/entry.s              0x00000000   Number         0  entry5.o ABSOLUTE
    ../../microlib/init/entry.s              0x00000000   Number         0  entry.o ABSOLUTE
    ../../microlib/init/entry.s              0x00000000   Number         0  entry7.o ABSOLUTE
    ../../microlib/init/entry.s              0x00000000   Number         0  entry2.o ABSOLUTE
    ../../microlib/longlong.c                0x00000000   Number         0  llushr.o ABSOLUTE
    ../../microlib/longlong.c                0x00000000   Number         0  llshl.o ABSOLUTE
    ..\..\..\..\Core\Device\NXP\LPC17xx\Source\Template\ARM\startup_LPC17xx.s 0x00000000   Number         0  startup_lpc17xx.o ABSOLUTE
    ..\..\..\..\Core\Device\NXP\LPC17xx\Source\Template\system_LPC17xx.c 0x00000000   Number         0  system_lpc17xx.o ABSOLUTE
    ..\..\..\..\Drivers\source\debug_frmwrk.c 0x00000000   Number         0  debug_frmwrk.o ABSOLUTE
    ..\..\..\..\Drivers\source\lpc17xx_adc.c 0x00000000   Number         0  lpc17xx_adc.o ABSOLUTE
    ..\..\..\..\Drivers\source\lpc17xx_clkpwr.c 0x00000000   Number         0  lpc17xx_clkpwr.o ABSOLUTE
    ..\..\..\..\Drivers\source\lpc17xx_gpio.c 0x00000000   Number         0  lpc17xx_gpio.o ABSOLUTE
    ..\..\..\..\Drivers\source\lpc17xx_pinsel.c 0x00000000   Number         0  lpc17xx_pinsel.o ABSOLUTE
    ..\..\..\..\Drivers\source\lpc17xx_uart.c 0x00000000   Number         0  lpc17xx_uart.o ABSOLUTE
    ..\\..\\..\\..\\Core\\Device\\NXP\\LPC17xx\\Source\\Template\\system_LPC17xx.c 0x00000000   Number         0  system_lpc17xx.o ABSOLUTE
    ..\\..\\..\\..\\Drivers\\source\\debug_frmwrk.c 0x00000000   Number         0  debug_frmwrk.o ABSOLUTE
    ..\\..\\..\\..\\Drivers\\source\\lpc17xx_adc.c 0x00000000   Number         0  lpc17xx_adc.o ABSOLUTE
    ..\\..\\..\\..\\Drivers\\source\\lpc17xx_clkpwr.c 0x00000000   Number         0  lpc17xx_clkpwr.o ABSOLUTE
    ..\\..\\..\\..\\Drivers\\source\\lpc17xx_gpio.c 0x00000000   Number         0  lpc17xx_gpio.o ABSOLUTE
    ..\\..\\..\\..\\Drivers\\source\\lpc17xx_pinsel.c 0x00000000   Number         0  lpc17xx_pinsel.o ABSOLUTE
    ..\\..\\..\\..\\Drivers\\source\\lpc17xx_uart.c 0x00000000   Number         0  lpc17xx_uart.o ABSOLUTE
    ..\\adc_burst_test.c                     0x00000000   Number         0  adc_burst_test.o ABSOLUTE
    ..\adc_burst_test.c                      0x00000000   Number         0  adc_burst_test.o ABSOLUTE
    dc.s                                     0x00000000   Number         0  dc.o ABSOLUTE
    handlers.s                               0x00000000   Number         0  handlers.o ABSOLUTE
    init.s                                   0x00000000   Number         0  init.o ABSOLUTE
    .ARM.Collect$$$$00000000                 0x000000cc   Section        0  entry.o(.ARM.Collect$$$$00000000)
    .ARM.Collect$$$$00000001                 0x000000cc   Section        4  entry2.o(.ARM.Collect$$$$00000001)
    .ARM.Collect$$$$00000004                 0x000000d0   Section        4  entry5.o(.ARM.Collect$$$$00000004)
    .ARM.Collect$$$$00000007                 0x000000d4   Section        8  entry7.o(.ARM.Collect$$$$00000007)
    .ARM.Collect$$$$00002712                 0x000000dc   Section        4  entry2.o(.ARM.Collect$$$$00002712)
    __lit__00000000                          0x000000dc   Data           4  entry2.o(.ARM.Collect$$$$00002712)
    .text                                    0x000000e0   Section       36  startup_lpc17xx.o(.text)
    .text                                    0x00000104   Section        0  lpc17xx_pinsel.o(.text)
    set_PinFunc                              0x00000105   Thumb Code    60  lpc17xx_pinsel.o(.text)
    set_ResistorMode                         0x00000141   Thumb Code    62  lpc17xx_pinsel.o(.text)
    set_OpenDrainMode                        0x0000017f   Thumb Code    44  lpc17xx_pinsel.o(.text)
    .text                                    0x00000204   Section        0  uldiv.o(.text)
    .text                                    0x0000026a   Section        0  llshl.o(.text)
    .text                                    0x00000288   Section        0  llushr.o(.text)
    .text                                    0x000002a8   Section       36  init.o(.text)
    i.__scatterload_copy                     0x000002cc   Section       14  handlers.o(i.__scatterload_copy)
    i.__scatterload_null                     0x000002da   Section        2  handlers.o(i.__scatterload_null)
    i.__scatterload_zeroinit                 0x000002dc   Section       14  handlers.o(i.__scatterload_zeroinit)
    .ARM.__at_0x02FC                         0x000002fc   Section        4  startup_lpc17xx.o(.ARM.__at_0x02FC)
    .text                                    0x00000300   Section        0  system_lpc17xx.o(.text)
    .text                                    0x000005a4   Section        0  lpc17xx_uart.o(.text)
    uart_set_divisors                        0x000005a5   Thumb Code   530  lpc17xx_uart.o(.text)
    .text                                    0x00000ff8   Section        0  debug_frmwrk.o(.text)
    .text                                    0x0000143c   Section        0  lpc17xx_adc.o(.text)
    .text                                    0x0000175c   Section        0  lpc17xx_gpio.o(.text)
    GPIO_GetPointer                          0x0000175d   Thumb Code    52  lpc17xx_gpio.o(.text)
    FIO_HalfWordGetPointer                   0x00001791   Thumb Code    52  lpc17xx_gpio.o(.text)
    FIO_ByteGetPointer                       0x000017c5   Thumb Code    52  lpc17xx_gpio.o(.text)
    .text                                    0x00001b80   Section        0  lpc17xx_clkpwr.o(.text)
    .text                                    0x00001cdc   Section        0  adc_burst_test.o(.text)
    .text                                    0x00001eac   Section        0  __dclz77c.o(.text)
    .data                                    0x10000000   Section        4  system_lpc17xx.o(.data)
    STACK                                    0x10000008   Section      512  startup_lpc17xx.o(STACK)
    .data                                    0x2007c000   Section       40  debug_frmwrk.o(.data)
    .data                                    0x2007c028   Section      477  adc_burst_test.o(.data)
    toggle                                   0x2007c204   Data           1  adc_burst_test.o(.data)

    Global Symbols

    Symbol Name                              Value     Ov Type        Size  Object(Section)

    BuildAttributes$$THM_ISAv4$P$D$K$B$S$PE$A:L22UL41UL21$X:L11$S22US41US21$IEEE1$IW$USESV6$~STKCKD$USESV7$~SHL$OSPACE$EBA8$MICROLIB$REQ8$PRES8$EABIv2 0x00000000   Number         0  anon$$obj.o ABSOLUTE
    __ARM_use_no_argv                        0x00000000   Number         0  adc_burst_test.o ABSOLUTE
    __Vectors                                0x00000000   Data           4  startup_lpc17xx.o(RESET)
    __main                                   0x000000cd   Thumb Code     0  entry.o(.ARM.Collect$$$$00000000)
    _main_stk                                0x000000cd   Thumb Code     0  entry2.o(.ARM.Collect$$$$00000001)
    _main_scatterload                        0x000000d1   Thumb Code     0  entry5.o(.ARM.Collect$$$$00000004)
    __main_after_scatterload                 0x000000d5   Thumb Code     0  entry5.o(.ARM.Collect$$$$00000004)
    _main_init                               0x000000d5   Thumb Code     0  entry7.o(.ARM.Collect$$$$00000007)
    Reset_Handler                            0x000000e1   Thumb Code     8  startup_lpc17xx.o(.text)
    NMI_Handler                              0x000000e9   Thumb Code     2  startup_lpc17xx.o(.text)
    HardFault_Handler                        0x000000eb   Thumb Code     2  startup_lpc17xx.o(.text)
    MemManage_Handler                        0x000000ed   Thumb Code     2  startup_lpc17xx.o(.text)
    BusFault_Handler                         0x000000ef   Thumb Code     2  startup_lpc17xx.o(.text)
    UsageFault_Handler                       0x000000f1   Thumb Code     2  startup_lpc17xx.o(.text)
    SVC_Handler                              0x000000f3   Thumb Code     2  startup_lpc17xx.o(.text)
    DebugMon_Handler                         0x000000f5   Thumb Code     2  startup_lpc17xx.o(.text)
    PendSV_Handler                           0x000000f7   Thumb Code     2  startup_lpc17xx.o(.text)
    SysTick_Handler                          0x000000f9   Thumb Code     2  startup_lpc17xx.o(.text)
    ADC_IRQHandler                           0x000000fb   Thumb Code     0  startup_lpc17xx.o(.text)
    BOD_IRQHandler                           0x000000fb   Thumb Code     0  startup_lpc17xx.o(.text)
    CANActivity_IRQHandler                   0x000000fb   Thumb Code     0  startup_lpc17xx.o(.text)
    CAN_IRQHandler                           0x000000fb   Thumb Code     0  startup_lpc17xx.o(.text)
    DMA_IRQHandler                           0x000000fb   Thumb Code     0  startup_lpc17xx.o(.text)
    EINT0_IRQHandler                         0x000000fb   Thumb Code     0  startup_lpc17xx.o(.text)
    EINT1_IRQHandler                         0x000000fb   Thumb Code     0  startup_lpc17xx.o(.text)
    EINT2_IRQHandler                         0x000000fb   Thumb Code     0  startup_lpc17xx.o(.text)
    ENET_IRQHandler                          0x000000fb   Thumb Code     0  startup_lpc17xx.o(.text)
    I2C0_IRQHandler                          0x000000fb   Thumb Code     0  startup_lpc17xx.o(.text)
    I2C1_IRQHandler                          0x000000fb   Thumb Code     0  startup_lpc17xx.o(.text)
    I2C2_IRQHandler                          0x000000fb   Thumb Code     0  startup_lpc17xx.o(.text)
    I2S_IRQHandler                           0x000000fb   Thumb Code     0  startup_lpc17xx.o(.text)
    MCPWM_IRQHandler                         0x000000fb   Thumb Code     0  startup_lpc17xx.o(.text)
    PLL0_IRQHandler                          0x000000fb   Thumb Code     0  startup_lpc17xx.o(.text)
    PLL1_IRQHandler                          0x000000fb   Thumb Code     0  startup_lpc17xx.o(.text)
    PWM1_IRQHandler                          0x000000fb   Thumb Code     0  startup_lpc17xx.o(.text)
    QEI_IRQHandler                           0x000000fb   Thumb Code     0  startup_lpc17xx.o(.text)
    RIT_IRQHandler                           0x000000fb   Thumb Code     0  startup_lpc17xx.o(.text)
    RTC_IRQHandler                           0x000000fb   Thumb Code     0  startup_lpc17xx.o(.text)
    SPI_IRQHandler                           0x000000fb   Thumb Code     0  startup_lpc17xx.o(.text)
    SSP0_IRQHandler                          0x000000fb   Thumb Code     0  startup_lpc17xx.o(.text)
    SSP1_IRQHandler                          0x000000fb   Thumb Code     0  startup_lpc17xx.o(.text)
    TIMER0_IRQHandler                        0x000000fb   Thumb Code     0  startup_lpc17xx.o(.text)
    TIMER1_IRQHandler                        0x000000fb   Thumb Code     0  startup_lpc17xx.o(.text)
    TIMER2_IRQHandler                        0x000000fb   Thumb Code     0  startup_lpc17xx.o(.text)
    TIMER3_IRQHandler                        0x000000fb   Thumb Code     0  startup_lpc17xx.o(.text)
    UART0_IRQHandler                         0x000000fb   Thumb Code     0  startup_lpc17xx.o(.text)
    UART1_IRQHandler                         0x000000fb   Thumb Code     0  startup_lpc17xx.o(.text)
    UART2_IRQHandler                         0x000000fb   Thumb Code     0  startup_lpc17xx.o(.text)
    UART3_IRQHandler                         0x000000fb   Thumb Code     0  startup_lpc17xx.o(.text)
    USBActivity_IRQHandler                   0x000000fb   Thumb Code     0  startup_lpc17xx.o(.text)
    USB_IRQHandler                           0x000000fb   Thumb Code     0  startup_lpc17xx.o(.text)
    WDT_IRQHandler                           0x000000fb   Thumb Code     0  startup_lpc17xx.o(.text)
    PINSEL_ConfigTraceFunc                   0x000001ab   Thumb Code    34  lpc17xx_pinsel.o(.text)
    PINSEL_SetI2C0Pins                       0x000001cd   Thumb Code    16  lpc17xx_pinsel.o(.text)
    PINSEL_ConfigPin                         0x000001dd   Thumb Code    36  lpc17xx_pinsel.o(.text)
    __aeabi_uldivmod                         0x00000205   Thumb Code   102  uldiv.o(.text)
    __aeabi_llsl                             0x0000026b   Thumb Code    30  llshl.o(.text)
    _ll_shift_l                              0x0000026b   Thumb Code     0  llshl.o(.text)
    __aeabi_llsr                             0x00000289   Thumb Code    32  llushr.o(.text)
    _ll_ushift_r                             0x00000289   Thumb Code     0  llushr.o(.text)
    __scatterload                            0x000002a9   Thumb Code    28  init.o(.text)
    __scatterload_rt2                        0x000002a9   Thumb Code     0  init.o(.text)
    __scatterload_copy                       0x000002cd   Thumb Code    14  handlers.o(i.__scatterload_copy)
    __scatterload_null                       0x000002db   Thumb Code     2  handlers.o(i.__scatterload_null)
    __scatterload_zeroinit                   0x000002dd   Thumb Code    14  handlers.o(i.__scatterload_zeroinit)
    SystemCoreClockUpdate                    0x00000301   Thumb Code   312  system_lpc17xx.o(.text)
    SystemInit                               0x00000439   Thumb Code   282  system_lpc17xx.o(.text)
    UART_Init                                0x000007b7   Thumb Code   440  lpc17xx_uart.o(.text)
    UART_TxCmd                               0x0000096f   Thumb Code   190  lpc17xx_uart.o(.text)
    UART_DeInit                              0x00000a2d   Thumb Code    66  lpc17xx_uart.o(.text)
    UART_ConfigStructInit                    0x00000a6f   Thumb Code    18  lpc17xx_uart.o(.text)
    UART_SendByte                            0x00000a81   Thumb Code    58  lpc17xx_uart.o(.text)
    UART_ReceiveByte                         0x00000abb   Thumb Code    56  lpc17xx_uart.o(.text)
    UART_Send                                0x00000af3   Thumb Code   150  lpc17xx_uart.o(.text)
    UART_Receive                             0x00000b89   Thumb Code   122  lpc17xx_uart.o(.text)
    UART_ForceBreak                          0x00000c03   Thumb Code    68  lpc17xx_uart.o(.text)
    UART_IntConfig                           0x00000c47   Thumb Code   260  lpc17xx_uart.o(.text)
    UART_GetLineStatus                       0x00000d4b   Thumb Code    56  lpc17xx_uart.o(.text)
    UART_GetIntId                            0x00000d83   Thumb Code    52  lpc17xx_uart.o(.text)
    UART_CheckBusy                           0x00000db7   Thumb Code    18  lpc17xx_uart.o(.text)
    UART_FIFOConfig                          0x00000dc9   Thumb Code   272  lpc17xx_uart.o(.text)
    UART_FIFOConfigStructInit                0x00000ed9   Thumb Code    14  lpc17xx_uart.o(.text)
    UART_ABCmd                               0x00000ee7   Thumb Code   192  lpc17xx_uart.o(.text)
    UART_ABClearIntPending                   0x00000fa7   Thumb Code    66  lpc17xx_uart.o(.text)
    UARTPutChar                              0x00000ff9   Thumb Code    18  debug_frmwrk.o(.text)
    UARTGetChar                              0x0000100b   Thumb Code    26  debug_frmwrk.o(.text)
    UARTPuts                                 0x00001025   Thumb Code    28  debug_frmwrk.o(.text)
    UARTPuts_                                0x00001041   Thumb Code    24  debug_frmwrk.o(.text)
    UARTPutDec                               0x00001059   Thumb Code    96  debug_frmwrk.o(.text)
    UARTPutDec16                             0x000010b9   Thumb Code   160  debug_frmwrk.o(.text)
    UARTPutDec32                             0x00001159   Thumb Code   310  debug_frmwrk.o(.text)
    UARTPutHex                               0x0000128f   Thumb Code    66  debug_frmwrk.o(.text)
    UARTPutHex16                             0x000012d1   Thumb Code    66  debug_frmwrk.o(.text)
    UARTPutHex32                             0x00001313   Thumb Code    66  debug_frmwrk.o(.text)
    debug_frmwrk_init                        0x00001355   Thumb Code   158  debug_frmwrk.o(.text)
    ADC_Init                                 0x0000143d   Thumb Code    94  lpc17xx_adc.o(.text)
    ADC_DeInit                               0x0000149b   Thumb Code    40  lpc17xx_adc.o(.text)
    ADC_GetData                              0x000014c3   Thumb Code    22  lpc17xx_adc.o(.text)
    ADC_StartCmd                             0x000014d9   Thumb Code    80  lpc17xx_adc.o(.text)
    ADC_BurstCmd                             0x00001529   Thumb Code    42  lpc17xx_adc.o(.text)
    ADC_PowerdownCmd                         0x00001553   Thumb Code    42  lpc17xx_adc.o(.text)
    ADC_EdgeStartConfig                      0x0000157d   Thumb Code    58  lpc17xx_adc.o(.text)
    ADC_IntConfig                            0x000015b7   Thumb Code    92  lpc17xx_adc.o(.text)
    ADC_ChannelCmd                           0x00001613   Thumb Code    58  lpc17xx_adc.o(.text)
    ADC_ChannelGetData                       0x0000164d   Thumb Code    44  lpc17xx_adc.o(.text)
    ADC_ChannelGetStatus                     0x00001679   Thumb Code    84  lpc17xx_adc.o(.text)
    ADC_GlobalGetData                        0x000016cd   Thumb Code    26  lpc17xx_adc.o(.text)
    ADC_GlobalGetStatus                      0x000016e7   Thumb Code    66  lpc17xx_adc.o(.text)
    GPIO_SetDir                              0x000017f9   Thumb Code    40  lpc17xx_gpio.o(.text)
    GPIO_SetValue                            0x00001821   Thumb Code    20  lpc17xx_gpio.o(.text)
    GPIO_ClearValue                          0x00001835   Thumb Code    20  lpc17xx_gpio.o(.text)
    GPIO_ReadValue                           0x00001849   Thumb Code    22  lpc17xx_gpio.o(.text)
    GPIO_IntCmd                              0x0000185f   Thumb Code    54  lpc17xx_gpio.o(.text)
    GPIO_GetIntStatus                        0x00001895   Thumb Code    86  lpc17xx_gpio.o(.text)
    GPIO_ClearInt                            0x000018eb   Thumb Code    24  lpc17xx_gpio.o(.text)
    FIO_SetDir                               0x00001903   Thumb Code    20  lpc17xx_gpio.o(.text)
    FIO_SetValue                             0x00001917   Thumb Code    16  lpc17xx_gpio.o(.text)
    FIO_ClearValue                           0x00001927   Thumb Code    16  lpc17xx_gpio.o(.text)
    FIO_ReadValue                            0x00001937   Thumb Code    12  lpc17xx_gpio.o(.text)
    FIO_IntCmd                               0x00001943   Thumb Code    20  lpc17xx_gpio.o(.text)
    FIO_GetIntStatus                         0x00001957   Thumb Code    20  lpc17xx_gpio.o(.text)
    FIO_ClearInt                             0x0000196b   Thumb Code    16  lpc17xx_gpio.o(.text)
    FIO_SetMask                              0x0000197b   Thumb Code    40  lpc17xx_gpio.o(.text)
    FIO_HalfWordSetDir                       0x000019a3   Thumb Code    62  lpc17xx_gpio.o(.text)
    FIO_HalfWordSetMask                      0x000019e1   Thumb Code    62  lpc17xx_gpio.o(.text)
    FIO_HalfWordSetValue                     0x00001a1f   Thumb Code    32  lpc17xx_gpio.o(.text)
    FIO_HalfWordClearValue                   0x00001a3f   Thumb Code    32  lpc17xx_gpio.o(.text)
    FIO_HalfWordReadValue                    0x00001a5f   Thumb Code    30  lpc17xx_gpio.o(.text)
    FIO_ByteSetDir                           0x00001a7d   Thumb Code    50  lpc17xx_gpio.o(.text)
    FIO_ByteSetMask                          0x00001aaf   Thumb Code    66  lpc17xx_gpio.o(.text)
    FIO_ByteSetValue                         0x00001af1   Thumb Code    34  lpc17xx_gpio.o(.text)
    FIO_ByteClearValue                       0x00001b13   Thumb Code    34  lpc17xx_gpio.o(.text)
    FIO_ByteReadValue                        0x00001b35   Thumb Code    76  lpc17xx_gpio.o(.text)
    CLKPWR_SetPCLKDiv                        0x00001b81   Thumb Code   106  lpc17xx_clkpwr.o(.text)
    CLKPWR_GetPCLKSEL                        0x00001beb   Thumb Code    32  lpc17xx_clkpwr.o(.text)
    CLKPWR_GetPCLK                           0x00001c0b   Thumb Code    58  lpc17xx_clkpwr.o(.text)
    CLKPWR_ConfigPPWR                        0x00001c45   Thumb Code    50  lpc17xx_clkpwr.o(.text)
    CLKPWR_Sleep                             0x00001c77   Thumb Code    10  lpc17xx_clkpwr.o(.text)
    CLKPWR_DeepSleep                         0x00001c81   Thumb Code    20  lpc17xx_clkpwr.o(.text)
    CLKPWR_PowerDown                         0x00001c95   Thumb Code    20  lpc17xx_clkpwr.o(.text)
    CLKPWR_DeepPowerDown                     0x00001ca9   Thumb Code    20  lpc17xx_clkpwr.o(.text)
    EINT3_IRQHandler                         0x00001cdd   Thumb Code    84  adc_burst_test.o(.text)
    print_menu                               0x00001d31   Thumb Code    14  adc_burst_test.o(.text)
    c_entry                                  0x00001d3f   Thumb Code   266  adc_burst_test.o(.text)
    main                                     0x00001e49   Thumb Code     4  adc_burst_test.o(.text)
    check_failed                             0x00001e4d   Thumb Code     4  adc_burst_test.o(.text)
    __decompress                             0x00001ead   Thumb Code     0  __dclz77c.o(.text)
    __decompress2                            0x00001ead   Thumb Code    96  __dclz77c.o(.text)
    Region$$Table$$Base                      0x00001f0c   Number         0  anon$$obj.o(Region$$Table)
    Region$$Table$$Limit                     0x00001f3c   Number         0  anon$$obj.o(Region$$Table)
    SystemCoreClock                          0x10000000   Data           4  system_lpc17xx.o(.data)
    __initial_sp                             0x10000208   Data           0  startup_lpc17xx.o(STACK)
    _db_msg                                  0x2007c000   Data           4  debug_frmwrk.o(.data)
    _db_msg_                                 0x2007c004   Data           4  debug_frmwrk.o(.data)
    _db_char                                 0x2007c008   Data           4  debug_frmwrk.o(.data)
    _db_dec                                  0x2007c00c   Data           4  debug_frmwrk.o(.data)
    _db_dec_16                               0x2007c010   Data           4  debug_frmwrk.o(.data)
    _db_dec_32                               0x2007c014   Data           4  debug_frmwrk.o(.data)
    _db_hex                                  0x2007c018   Data           4  debug_frmwrk.o(.data)
    _db_hex_16                               0x2007c01c   Data           4  debug_frmwrk.o(.data)
    _db_hex_32                               0x2007c020   Data           4  debug_frmwrk.o(.data)
    _db_get_char                             0x2007c024   Data           4  debug_frmwrk.o(.data)
    menu1                                    0x2007c028   Data         476  adc_burst_test.o(.data)



==============================================================================

Memory Map of the image

  Image Entry point : 0x000000cd

  Load Region LR_IROM1 (Base: 0x00000000, Size: 0x00002148, Max: 0x00080000, ABSOLUTE, COMPRESSED[0x00002064])

    Execution Region ER_IROM1 (Base: 0x00000000, Size: 0x00001f3c, Max: 0x00080000, ABSOLUTE)

    Base Addr    Size         Type   Attr      Idx    E Section Name        Object

    0x00000000   0x000000cc   Data   RO            3    RESET               startup_lpc17xx.o
    0x000000cc   0x00000000   Code   RO          234  * .ARM.Collect$$$$00000000  mc_w.l(entry.o)
    0x000000cc   0x00000004   Code   RO          243    .ARM.Collect$$$$00000001  mc_w.l(entry2.o)
    0x000000d0   0x00000004   Code   RO          246    .ARM.Collect$$$$00000004  mc_w.l(entry5.o)
    0x000000d4   0x00000008   Code   RO          247    .ARM.Collect$$$$00000007  mc_w.l(entry7.o)
    0x000000dc   0x00000004   Code   RO          244    .ARM.Collect$$$$00002712  mc_w.l(entry2.o)
    0x000000e0   0x00000024   Code   RO            5    .text               startup_lpc17xx.o
    0x00000104   0x00000100   Code   RO          148    .text               lpc17xx_pinsel.o
    0x00000204   0x00000066   Code   RO          237    .text               mc_w.l(uldiv.o)
    0x0000026a   0x0000001e   Code   RO          239    .text               mc_w.l(llshl.o)
    0x00000288   0x00000020   Code   RO          241    .text               mc_w.l(llushr.o)
    0x000002a8   0x00000024   Code   RO          248    .text               mc_w.l(init.o)
    0x000002cc   0x0000000e   Code   RO          252    i.__scatterload_copy  mc_w.l(handlers.o)
    0x000002da   0x00000002   Code   RO          253    i.__scatterload_null  mc_w.l(handlers.o)
    0x000002dc   0x0000000e   Code   RO          254    i.__scatterload_zeroinit  mc_w.l(handlers.o)
    0x000002ea   0x00000012   PAD
    0x000002fc   0x00000004   Code   RO            4    .ARM.__at_0x02FC    startup_lpc17xx.o
    0x00000300   0x000002a4   Code   RO           14    .text               system_lpc17xx.o
    0x000005a4   0x00000a54   Code   RO           53    .text               lpc17xx_uart.o
    0x00000ff8   0x00000444   Code   RO           85    .text               debug_frmwrk.o
    0x0000143c   0x00000320   Code   RO          110    .text               lpc17xx_adc.o
    0x0000175c   0x00000424   Code   RO          129    .text               lpc17xx_gpio.o
    0x00001b80   0x0000015c   Code   RO          171    .text               lpc17xx_clkpwr.o
    0x00001cdc   0x000001d0   Code   RO          187    .text               adc_burst_test.o
    0x00001eac   0x00000060   Code   RO          258    .text               mc_w.l(__dclz77c.o)
    0x00001f0c   0x00000030   Data   RO          250    Region$$Table       anon$$obj.o


    Execution Region RW_IRAM1 (Base: 0x10000000, Size: 0x00000208, Max: 0x00008000, ABSOLUTE)

    Base Addr    Size         Type   Attr      Idx    E Section Name        Object

    0x10000000   0x00000004   Data   RW           15    .data               system_lpc17xx.o
    0x10000004   0x00000004   PAD
    0x10000008   0x00000200   Zero   RW            1    STACK               startup_lpc17xx.o


    Execution Region RW_IRAM2 (Base: 0x2007c000, Size: 0x00000208, Max: 0x00008000, ABSOLUTE, COMPRESSED[0x00000124])

    Base Addr    Size         Type   Attr      Idx    E Section Name        Object

    0x2007c000   0x00000028   Data   RW           86    .data               debug_frmwrk.o
    0x2007c028   0x000001dd   Data   RW          188    .data               adc_burst_test.o


==============================================================================

Image component sizes


      Code (inc. data)   RO Data    RW Data    ZI Data      Debug   Object Name

       464         92          0        477          0      38411   adc_burst_test.o
      1092         74          0         40          0       6166   debug_frmwrk.o
       800         52          0          0          0       7224   lpc17xx_adc.o
       348         32          0          0          0       1799   lpc17xx_clkpwr.o
      1060         62          0          0          0      10267   lpc17xx_gpio.o
       256          4          0          0          0       2241   lpc17xx_pinsel.o
      2644        102          0          0          0      17498   lpc17xx_uart.o
        40         12        204          0        512       1076   startup_lpc17xx.o
       676         82          0          4          0      22353   system_lpc17xx.o

    ----------------------------------------------------------------------
      7380        512        252        524        516     107035   Object Totals
         0          0         48          0          0          0   (incl. Generated)
         0          0          0          3          4          1   (incl. Padding)

    ----------------------------------------------------------------------

      Code (inc. data)   RO Data    RW Data    ZI Data      Debug   Library Member Name

        96          0          0          0          0          0   __dclz77c.o
         0          0          0          0          0          0   entry.o
         8          4          0          0          0          0   entry2.o
         4          0          0          0          0          0   entry5.o
         8          4          0          0          0          0   entry7.o
        30          0          0          0          0          0   handlers.o
        36          8          0          0          0         68   init.o
        30          0          0          0          0         68   llshl.o
        32          0          0          0          0         68   llushr.o
       102          0          0          0          0         92   uldiv.o

    ----------------------------------------------------------------------
       364         16          0          0          0        296   Library Totals
        18          0          0          0          0          0   (incl. Padding)

    ----------------------------------------------------------------------

      Code (inc. data)   RO Data    RW Data    ZI Data      Debug   Library Name

       346         16          0          0          0        296   mc_w.l

    ----------------------------------------------------------------------
       364         16          0          0          0        296   Library Totals

    ----------------------------------------------------------------------

==============================================================================


      Code (inc. data)   RO Data    RW Data    ZI Data      Debug   

      7744        528        252        524        516     106604   Grand Totals
      7744        528        252        296        516     106604   ELF Image Totals (compressed)
      7744        528        252        296          0          0   ROM Totals

==============================================================================

    Total RO  Size (Code + RO Data)                 7996 (   7.81kB)
    Total RW  Size (RW Data + ZI Data)              1040 (   1.02kB)
    Total ROM Size (Code + RO Data + RW Data)       8292 (   8.10kB)

==============================================================================

