<html>
<body>
<pre>
<h1>µVision Build Log</h1>
<h2>Project:</h2>
D:\NXP\nxpmcu\LPC1700CMSIS\Examples\ADC\Burst\Keil\adc_burst.uvproj
Project File Date:  10/03/2011

<h2>Output:</h2>
Build target 'LPC1700 FLASH'
assembling startup_LPC17xx.s...
compiling system_LPC17xx.c...
compiling lpc17xx_uart.c...
compiling debug_frmwrk.c...
compiling lpc17xx_adc.c...
compiling lpc17xx_gpio.c...
compiling lpc17xx_pinsel.c...
compiling lpc17xx_clkpwr.c...
compiling adc_burst_test.c...
linking...
Program Size: Code=7744 RO-data=252 RW-data=524 ZI-data=516  
FromELF: creating hex file...
".\Flash\adc_burst.axf" - 0 Error(s), 0 Warning(s).
